---
source: tests/formatter_tests.rs
expression: output
---

{
  "total_changes": 30,
  "max_severity": "breaking",
  "changes": [
    {
      "path": "info.version",
      "change_type": "modified",
      "severity": "additive",
      "message": "version changed from '1.0.0' to '2.0.0'",
      "old_value": "1.0.0",
      "new_value": "2.0.0"
    },
    {
      "path": "info.description",
      "change_type": "modified",
      "severity": "additive",
      "message": "description changed",
      "old_value": "A sample pet store API",
      "new_value": "A sample pet store API (v2 — breaking changes)"
    },
    {
      "path": "servers.https://api.example.com/v1",
      "change_type": "removed",
      "severity": "breaking",
      "message": "server 'https://api.example.com/v1' removed",
      "old_value": "https://api.example.com/v1",
      "new_value": null
    },
    {
      "path": "paths./pets.GET.parameters.limit.query",
      "change_type": "modified",
      "severity": "breaking",
      "message": "parameter 'limit' is now required",
      "old_value": false,
      "new_value": true
    },
    {
      "path": "paths./pets.GET.responses.200.content.application/json.schema.items.properties.id.type",
      "change_type": "modified",
      "severity": "breaking",
      "message": "type changed from 'integer' to 'string'",
      "old_value": "integer",
      "new_value": "string"
    },
    {
      "path": "paths./pets.GET.responses.200.content.application/json.schema.items.properties.id.format",
      "change_type": "modified",
      "severity": "breaking",
      "message": "format changed from 'int64' to 'uuid'",
      "old_value": "int64",
      "new_value": "uuid"
    },
    {
      "path": "paths./pets.GET.responses.200.content.application/json.schema.items.properties.name",
      "change_type": "removed",
      "severity": "breaking",
      "message": "property 'name' removed",
      "old_value": null,
      "new_value": null
    },
    {
      "path": "paths./pets.GET.responses.200.content.application/json.schema.items.properties.status.enum",
      "change_type": "removed",
      "severity": "breaking",
      "message": "enum value \"sold\" removed",
      "old_value": "sold",
      "new_value": null
    },
    {
      "path": "paths./pets.GET.responses.200.content.application/json.schema.items.properties.status.x-extensible-enum",
      "change_type": "removed",
      "severity": "breaking",
      "message": "enum value 'sold' removed from x-extensible-enum",
      "old_value": "sold",
      "new_value": null
    },
    {
      "path": "paths./pets.GET.responses.200.headers.X-Rate-Limit",
      "change_type": "removed",
      "severity": "breaking",
      "message": "response header 'X-Rate-Limit' removed",
      "old_value": null,
      "new_value": null
    },
    {
      "path": "paths./pets.GET.responses.500",
      "change_type": "removed",
      "severity": "breaking",
      "message": "response '500' removed",
      "old_value": null,
      "new_value": null
    },
    {
      "path": "paths./pets.POST.requestBody.content.application/json.schema.properties.name.maxLength",
      "change_type": "modified",
      "severity": "breaking",
      "message": "maxLength reduced from 100 to 50",
      "old_value": 100,
      "new_value": 50
    },
    {
      "path": "paths./pets.POST.responses.201.content.application/json.schema.properties.id.type",
      "change_type": "modified",
      "severity": "breaking",
      "message": "type changed from 'integer' to 'string'",
      "old_value": "integer",
      "new_value": "string"
    },
    {
      "path": "paths./pets.POST.responses.201.content.application/json.schema.properties.id.format",
      "change_type": "modified",
      "severity": "breaking",
      "message": "format changed from 'int64' to 'uuid'",
      "old_value": "int64",
      "new_value": "uuid"
    },
    {
      "path": "paths./pets.POST.responses.201.content.application/json.schema.properties.name",
      "change_type": "removed",
      "severity": "breaking",
      "message": "property 'name' removed",
      "old_value": null,
      "new_value": null
    },
    {
      "path": "paths./pets.POST.responses.201.content.application/json.schema.properties.status.enum",
      "change_type": "removed",
      "severity": "breaking",
      "message": "enum value \"sold\" removed",
      "old_value": "sold",
      "new_value": null
    },
    {
      "path": "paths./pets.POST.responses.201.content.application/json.schema.properties.status.x-extensible-enum",
      "change_type": "removed",
      "severity": "breaking",
      "message": "enum value 'sold' removed from x-extensible-enum",
      "old_value": "sold",
      "new_value": null
    },
    {
      "path": "paths./pets/{petId}.GET.responses.200.content.application/json.schema.properties.id.type",
      "change_type": "modified",
      "severity": "breaking",
      "message": "type changed from 'integer' to 'string'",
      "old_value": "integer",
      "new_value": "string"
    },
    {
      "path": "paths./pets/{petId}.GET.responses.200.content.application/json.schema.properties.id.format",
      "change_type": "modified",
      "severity": "breaking",
      "message": "format changed from 'int64' to 'uuid'",
      "old_value": "int64",
      "new_value": "uuid"
    },
    {
      "path": "paths./pets/{petId}.GET.responses.200.content.application/json.schema.properties.name",
      "change_type": "removed",
      "severity": "breaking",
      "message": "property 'name' removed",
      "old_value": null,
      "new_value": null
    },
    {
      "path": "paths./pets/{petId}.GET.responses.200.content.application/json.schema.properties.status.enum",
      "change_type": "removed",
      "severity": "breaking",
      "message": "enum value \"sold\" removed",
      "old_value": "sold",
      "new_value": null
    },
    {
      "path": "paths./pets/{petId}.GET.responses.200.content.application/json.schema.properties.status.x-extensible-enum",
      "change_type": "removed",
      "severity": "breaking",
      "message": "enum value 'sold' removed from x-extensible-enum",
      "old_value": "sold",
      "new_value": null
    },
    {
      "path": "paths./pets/{petId}.DELETE",
      "change_type": "removed",
      "severity": "breaking",
      "message": "endpoint DELETE /pets/{petId} removed",
      "old_value": null,
      "new_value": null
    },
    {
      "path": "components.schemas.NewPet.properties.name.maxLength",
      "change_type": "modified",
      "severity": "breaking",
      "message": "maxLength reduced from 100 to 50",
      "old_value": 100,
      "new_value": 50
    },
    {
      "path": "components.schemas.Pet.properties.id.type",
      "change_type": "modified",
      "severity": "breaking",
      "message": "type changed from 'integer' to 'string'",
      "old_value": "integer",
      "new_value": "string"
    },
    {
      "path": "components.schemas.Pet.properties.id.format",
      "change_type": "modified",
      "severity": "breaking",
      "message": "format changed from 'int64' to 'uuid'",
      "old_value": "int64",
      "new_value": "uuid"
    },
    {
      "path": "components.schemas.Pet.properties.name",
      "change_type": "removed",
      "severity": "breaking",
      "message": "property 'name' removed",
      "old_value": null,
      "new_value": null
    },
    {
      "path": "components.schemas.Pet.properties.status.enum",
      "change_type": "removed",
      "severity": "breaking",
      "message": "enum value \"sold\" removed",
      "old_value": "sold",
      "new_value": null
    },
    {
      "path": "components.schemas.Pet.properties.status.x-extensible-enum",
      "change_type": "removed",
      "severity": "breaking",
      "message": "enum value 'sold' removed from x-extensible-enum",
      "old_value": "sold",
      "new_value": null
    },
    {
      "path": "components.securitySchemes.apiKey",
      "change_type": "removed",
      "severity": "breaking",
      "message": "security scheme 'apiKey' removed",
      "old_value": null,
      "new_value": null
    }
    ]
}
